// Jest Snapshot v1, https://goo.gl/fbAQLP

exports[`CardContent Test Props 1`] = `
<div>
  <div
    class="MuiBox-root css-18i215d"
  >
    <span
      style="box-sizing: border-box; display: inline-block; overflow: hidden; background: none; opacity: 1; border: 0px; margin: 0px; padding: 0px; position: relative; max-width: 100%;"
    >
      <span
        style="box-sizing: border-box; display: block; background: none; opacity: 1; border: 0px; margin: 0px; padding: 0px; max-width: 100%;"
      >
        <img
          alt=""
          aria-hidden="true"
          src="data:image/svg+xml,%3csvg%20xmlns=%27http://www.w3.org/2000/svg%27%20version=%271.1%27%20width=%2770%27%20height=%2770%27/%3e"
          style="display: block; max-width: 100%; background: none; opacity: 1; border: 0px; margin: 0px; padding: 0px;"
        />
      </span>
      <img
        alt="title Test"
        data-nimg="intrinsic"
        decoding="async"
        src="data:image/gif;base64,R0lGODlhAQABAIAAAAAAAP///yH5BAEAAAAALAAAAAABAAEAAAIBRAA7"
        style="position: absolute; top: 0px; left: 0px; bottom: 0px; right: 0px; box-sizing: border-box; padding: 0px; margin: auto; display: block; width: 0px; height: 0px; min-width: 100%; max-width: 100%; min-height: 100%; max-height: 100%;"
      />
      <noscript />
    </span>
  </div>
  <div
    class="MuiBox-root css-gajhq5"
  >
    <h3
      class="MuiTypography-root MuiTypography-h3 MuiTypography-alignCenter css-yg6atj-MuiTypography-root"
    >
      title Test
    </h3>
    <p
      class="MuiTypography-root MuiTypography-body1 MuiTypography-alignCenter css-1a3kej9-MuiTypography-root"
    >
      subtitle Test
    </p>
    <p
      class="MuiTypography-root MuiTypography-body1 MuiTypography-alignCenter css-r5yzcc-MuiTypography-root"
    >
      description Test
    </p>
  </div>
</div>
`;

exports[`CardContent Test toMatchSnapshot 1`] = `
<div>
  <div
    class="MuiBox-root css-18i215d"
  >
    <span
      style="box-sizing: border-box; display: inline-block; overflow: hidden; background: none; opacity: 1; border: 0px; margin: 0px; padding: 0px; position: relative; max-width: 100%;"
    >
      <span
        style="box-sizing: border-box; display: block; background: none; opacity: 1; border: 0px; margin: 0px; padding: 0px; max-width: 100%;"
      >
        <img
          alt=""
          aria-hidden="true"
          src="data:image/svg+xml,%3csvg%20xmlns=%27http://www.w3.org/2000/svg%27%20version=%271.1%27%20width=%2770%27%20height=%2770%27/%3e"
          style="display: block; max-width: 100%; background: none; opacity: 1; border: 0px; margin: 0px; padding: 0px;"
        />
      </span>
      <img
        alt="title Test"
        data-nimg="intrinsic"
        decoding="async"
        src="data:image/gif;base64,R0lGODlhAQABAIAAAAAAAP///yH5BAEAAAAALAAAAAABAAEAAAIBRAA7"
        style="position: absolute; top: 0px; left: 0px; bottom: 0px; right: 0px; box-sizing: border-box; padding: 0px; margin: auto; display: block; width: 0px; height: 0px; min-width: 100%; max-width: 100%; min-height: 100%; max-height: 100%;"
      />
      <noscript />
    </span>
  </div>
  <div
    class="MuiBox-root css-gajhq5"
  >
    <h3
      class="MuiTypography-root MuiTypography-h3 MuiTypography-alignCenter css-yg6atj-MuiTypography-root"
    >
      title Test
    </h3>
    <p
      class="MuiTypography-root MuiTypography-body1 MuiTypography-alignCenter css-1a3kej9-MuiTypography-root"
    >
      subtitle Test
    </p>
    <p
      class="MuiTypography-root MuiTypography-body1 MuiTypography-alignCenter css-r5yzcc-MuiTypography-root"
    >
      description Test
    </p>
  </div>
</div>
`;
