// Jest Snapshot v1, https://goo.gl/fbAQLP

exports[`AppTheme test AppTheme SnapShots 1`] = `
<div>
  <h1>
    AppTheme
  </h1>
</div>
`;
