// Jest Snapshot v1, https://goo.gl/fbAQLP

exports[`CardImage Test toMacthSnapshot 1`] = `
<div>
  <div
    class="MuiBox-root css-1wx800i"
  >
    <span
      style="box-sizing: border-box; display: block; overflow: hidden; background: none; opacity: 1; border: 0px; margin: 0px; padding: 0px; position: absolute; top: 0px; left: 0px; bottom: 0px; right: 0px;"
    >
      <img
        alt="title Test"
        data-nimg="fill"
        decoding="async"
        src="data:image/gif;base64,R0lGODlhAQABAIAAAAAAAP///yH5BAEAAAAALAAAAAABAAEAAAIBRAA7"
        style="position: absolute; top: 0px; left: 0px; bottom: 0px; right: 0px; box-sizing: border-box; padding: 0px; margin: auto; display: block; width: 0px; height: 0px; min-width: 100%; max-width: 100%; min-height: 100%; max-height: 100%;"
      />
      <noscript />
    </span>
    <div
      class="MuiBox-root css-lzhgz5"
    >
      <a
        href="link"
        rel="”noopener noreferrer"
        role="link"
        target="_blank"
      >
        <button
          class="MuiButtonBase-root MuiButton-root MuiButton-text MuiButton-textPrimary MuiButton-sizeMedium MuiButton-textSizeMedium MuiButton-root MuiButton-text MuiButton-textPrimary MuiButton-sizeMedium MuiButton-textSizeMedium css-xlnruk-MuiButtonBase-root-MuiButton-root"
          tabindex="0"
          type="button"
        >
          <p
            class="MuiTypography-root MuiTypography-body1 css-15esv0h-MuiTypography-root"
          >
            Link Web
          </p>
          <span
            class="MuiTouchRipple-root css-8je8zh-MuiTouchRipple-root"
          />
        </button>
      </a>
      <a
        href="repository"
        rel="”noopener noreferrer"
        role="repository"
        target="_blank"
      >
        <button
          class="MuiButtonBase-root MuiButton-root MuiButton-text MuiButton-textPrimary MuiButton-sizeMedium MuiButton-textSizeMedium MuiButton-root MuiButton-text MuiButton-textPrimary MuiButton-sizeMedium MuiButton-textSizeMedium css-xlnruk-MuiButtonBase-root-MuiButton-root"
          tabindex="0"
          type="button"
        >
          <p
            class="MuiTypography-root MuiTypography-body1 css-15esv0h-MuiTypography-root"
          >
            Repository
          </p>
          <span
            class="MuiTouchRipple-root css-8je8zh-MuiTouchRipple-root"
          />
        </button>
      </a>
    </div>
  </div>
</div>
`;
